[solutionsfbia.com/index.html]
[backblue.gif]
[fade.gif]
[index.html]
[i0.wp.com/solutionsfbia.com/wp-content/uploads/2021/07/33-3e439.png]
[solutionsfbia.com/feed/index.html]
[solutionsfbia.com/comments/feed/index.html]
[solutionsfbia.com/wp-includes/js/jquery/jquery.mina7a0.js]
[solutionsfbia.com/wp-includes/js/jquery/jquery-migrate.mind617.js]
[solutionsfbia.com/wp-content/plugins/zilla-likes/scripts/zilla-likes6a4d.js]
[solutionsfbia.com/wp-json/index.html]
[solutionsfbia.com/wp-json/wp/v2/pages/4168.json]
[solutionsfbia.com/xmlrpc0db0.php]
[solutionsfbia.com/wp-json/oembed/1.0/embedf4a9.json]
[solutionsfbia.com/wp-json/oembed/1.0/embedb0d7]
[solutions-sb.com/wp-content/uploads/2021/06/icon.png]
[solutionsfbia.com/wp-content/uploads/thegem-logos/logo_1d20899d1f4d6aeec7a4546b91185578_1x.png]
[solutionsfbia.com/wp-content/uploads/thegem-logos/logo_a929136f727d37c8433889668a095da1_1x.png]
[i0.wp.com/solutionsfbia.com/wp-content/uploads/2021/06/3497c0.png]
[i0.wp.com/solutionsfbia.com/wp-content/uploads/2021/06/30ec3f.png]
[i0.wp.com/solutionsfbia.com/wp-content/uploads/2021/06/3297c0.png]
[i0.wp.com/solutionsfbia.com/wp-content/uploads/2021/06/338ac8.png]
[i0.wp.com/solutionsfbia.com/wp-content/uploads/2021/06/3129ca.png]
[i0.wp.com/solutionsfbia.com/wp-content/uploads/2021/06/29ec46.png]
[i0.wp.com/solutionsfbia.com/wp-content/uploads/2021/06/36e9ed.png]
[i0.wp.com/solutionsfbia.com/wp-content/uploads/2021/06/373551.png]
[i0.wp.com/solutionsfbia.com/wp-content/uploads/2021/06/380a36.png]
[i0.wp.com/solutionsfbia.com/wp-content/uploads/2021/06/390a36.png]
[i0.wp.com/solutionsfbia.com/wp-content/uploads/2021/06/Finance-Copyea9f.png]
[i0.wp.com/solutionsfbia.com/wp-content/uploads/2021/06/Business-Copyea9f.png]
[i0.wp.com/solutionsfbia.com/wp-content/uploads/2021/06/IT-Copyea9f.png]
[i0.wp.com/solutionsfbia.com/wp-content/uploads/2021/06/Analytics-Copyea9f.png]
[i0.wp.com/solutionsfbia.com/wp-content/uploads/2021/06/111b4f1.png]
[i0.wp.com/solutionsfbia.com/wp-content/uploads/2021/06/Customer-Centri-Copyea9f.png]
[i0.wp.com/solutionsfbia.com/wp-content/uploads/2021/06/Respect-Copyea9f.png]
[i0.wp.com/solutionsfbia.com/wp-content/uploads/2021/06/Quality-Copyea9f.png]
[i0.wp.com/solutionsfbia.com/wp-content/uploads/2021/06/Social-Impact-1ea9f.png]
[i0.wp.com/solutionsfbia.com/wp-content/uploads/2021/06/Collaboration-Copyea9f.png]
[i0.wp.com/solutionsfbia.com/wp-content/uploads/2021/06/Diversity-Copyea9f.png]
[i0.wp.com/solutionsfbia.com/wp-content/uploads/2021/06/Integrity-Copyea9f.png]
[i0.wp.com/solutionsfbia.com/wp-content/uploads/2021/06/Innovation-Copyea9f.png]
[i0.wp.com/solutionsfbia.com/wp-content/uploads/2021/06/solutions-sb-8-1d542.jpg]
[i0.wp.com/solutionsfbia.com/wp-content/uploads/2021/06/Screen-Shot-2021-05-25-at-2.04.28-PMf688.png]
[i0.wp.com/solutionsfbia.com/wp-content/uploads/2021/06/Screen-Shot-2021-05-25-at-2.03.52-PM08e9.png]
[i0.wp.com/solutionsfbia.com/wp-content/uploads/2021/06/Screen-Shot-2021-05-25-at-2.03.33-PMb40d.png]
[i0.wp.com/solutionsfbia.com/wp-content/uploads/2021/06/Screen-Shot-2021-05-25-at-2.02.27-PM365f.png]
[i0.wp.com/solutionsfbia.com/wp-content/uploads/2021/06/logo-solutions-curbs-10@4x-100-Copy-112ba.png]
[solutionsfbia.com/wp-content/themes/thegem-elementor/js/thegem-form-elementsc225.js]
[solutionsfbia.com/wp-content/themes/thegem-elementor/js/jquery.easingc225.js]
[solutionsfbia.com/wp-content/themes/thegem-elementor/js/SmoothScrollc225.js]
[solutionsfbia.com/wp-content/themes/thegem-elementor/js/jquery.dlmenuc225.js]
[solutionsfbia.com/wp-content/themes/thegem-elementor/js/thegem-menu_initc225.js]
[solutionsfbia.com/wp-content/themes/thegem-elementor/js/thegem-headerc225.js]
[solutionsfbia.com/wp-content/themes/thegem-elementor/js/functionsc225.js]
[solutionsfbia.com/wp-content/themes/thegem-elementor/js/fancyBox/jquery.mousewheel.packc225.js]
[solutionsfbia.com/wp-content/themes/thegem-elementor/js/fancyBox/jquery.fancybox.minc225.js]
[solutionsfbia.com/wp-content/themes/thegem-elementor/js/fancyBox/jquery.fancybox-initc225.js]
[solutionsfbia.com/wp-content/plugins/jetpack/_inc/build/photon/photon.min1c52.js]
[solutionsfbia.com/wp-content/plugins/contact-form-7/includes/swv/js/index9f31.js]
[solutionsfbia.com/wp-content/plugins/contact-form-7/includes/js/index9f31.js]
[solutionsfbia.com/wp-content/themes/thegem-elementor/js/thegem-lazyLoadingc225.js]
[solutionsfbia.com/wp-content/themes/thegem-elementor/js/jquery.touchSwipe.minc225.js]
[solutionsfbia.com/wp-content/themes/thegem-elementor/js/jquery.carouFredSelc225.js]
[solutionsfbia.com/wp-content/plugins/thegem-elements-elementor/inc/elementor/widgets/clients/assets/js/thegem-clients.js]
[solutionsfbia.com/wp-content/plugins/elementor/assets/js/webpack.runtime.min3ab2.js]
[solutionsfbia.com/wp-content/plugins/elementor/assets/js/frontend-modules.min3ab2.js]
[solutionsfbia.com/wp-content/plugins/elementor/assets/lib/waypoints/waypoints.min05da.js]
[solutionsfbia.com/wp-includes/js/jquery/ui/core.min3f14.js]
[solutionsfbia.com/wp-content/plugins/elementor/assets/js/frontend.min3ab2.js]
[solutionsfbia.com/wp-includes/js/underscore.mind584.js]
[solutionsfbia.com/wp-includes/js/wp-util.min6a4d.js]
[solutionsfbia.com/wp-content/plugins/wpforms-lite/assets/js/integrations/elementor/frontend.min4a2b.js]
[solutionsfbia.com/index.html]
[solutionsfbia.com/xmlrpc.php]
[solutionsfbia.com/wp-content/plugins/LayerSlider/assets/static/layerslider/img/icon-muted-white.png]
[stats.wp.com/e-202303.js]
[solutionsfbia.com/wp-content/plugins/LayerSlider/assets/static/layerslider/img/icon-unmuted-white.png]
[solutionsfbia.com/wp-content/plugins/LayerSlider/assets/static/layerslider/css/layersliderfa4a.css]
[solutionsfbia.com/wp-content/themes/thegem-elementor/css/thegem-preloaderc225.css]
[solutionsfbia.com/wp-content/themes/thegem-elementor/css/thegem-resetc225.css]
[solutionsfbia.com/wp-content/themes/thegem-elementor/css/thegem-gridc225.css]
[solutionsfbia.com/wp-content/themes/thegem-elementor/css/thegem-headerc225.css]
[solutionsfbia.com/wp-content/themes/thegem-elementor/fonts/thegem-icons.eot]
[solutionsfbia.com/wp-content/themes/thegem-elementor/fonts/thegem-icons.woff]
[solutionsfbia.com/wp-content/themes/thegem-elementor/fonts/thegem-iconsd41d.eot]
[solutionsfbia.com/wp-content/themes/thegem-elementor/fonts/thegem-icons.ttf]
[solutionsfbia.com/wp-content/themes/thegem-elementor/fonts/thegem-socials.eot]
[solutionsfbia.com/wp-content/themes/thegem-elementor/fonts/thegem-socials.woff]
[solutionsfbia.com/wp-content/themes/thegem-elementor/fonts/thegem-socialsd41d.eot]
[solutionsfbia.com/wp-content/themes/thegem-elementor/fonts/thegem-socials.ttf]
[solutionsfbia.com/wp-content/themes/thegem-elementor/images/preloader-1.gif]
[solutionsfbia.com/wp-content/themes/thegem-elementor/images/divider-zigzag.png]
[solutionsfbia.com/wp-content/themes/thegem-elementor/images/divider-wave.png]
[solutionsfbia.com/wp-content/themes/images/mouse_icon.png]
[solutionsfbia.com/wp-content/themes/thegem-elementor/style6a4d.css]
[solutionsfbia.com/wp-content/themes/thegem-elementor/images/default-avatar.png]
[solutionsfbia.com/wp-content/themes/thegem-elementor/css/thegem-widgetsc225.css]
[solutionsfbia.com/wp-content/themes/thegem-elementor/css/thegem-new-cssc225.css]
[solutionsfbia.com/wp-content/themes/thegem-elementor/css/thegem-perevazka-cssc225.css]
[solutionsfbia.com/wp-content/themes/thegem-elementor/fonts/montserrat-ultralight.eot]
[solutionsfbia.com/wp-content/themes/thegem-elementor/fonts/montserrat-ultralight.woff]
[solutionsfbia.com/wp-content/themes/thegem-elementor/fonts/montserrat-ultralightd41d.eot]
[solutionsfbia.com/wp-content/themes/thegem-elementor/fonts/montserrat-ultralight.ttf]
[solutionsfbia.com/wp-content/themes/thegem-elementor/css/custom-NZXTPKvNc225.css]
[solutionsfbia.com/wp-content/themes/thegem-elementor/js/fancyBox/jquery.fancybox.minc225.css]
[solutionsfbia.com/wp-includes/css/dist/block-library/style.min6a4d.css]
[solutionsfbia.com/wp-includes/js/mediaelement/mediaelementplayer-legacy.min1f61.css]
[solutionsfbia.com/wp-content/themes/thegem-elementor/css/wp-mediaelementc225.css]
[solutionsfbia.com/wp-includes/css/classic-themes.min68b3.css]
[solutionsfbia.com/wp-content/plugins/contact-form-7/includes/css/styles9f31.css]
[solutionsfbia.com/wp-content/plugins/elementor/assets/lib/eicons/fonts/eicons5519.eot]
[solutionsfbia.com/wp-content/plugins/elementor/assets/lib/eicons/fonts/eicons5519.woff2]
[solutionsfbia.com/wp-content/plugins/elementor/assets/lib/eicons/fonts/eicons5519.woff]
[solutionsfbia.com/wp-content/plugins/elementor/assets/lib/eicons/fonts/eicons5519.ttf]
[solutionsfbia.com/wp-content/plugins/elementor/assets/lib/eicons/css/elementor-icons.min7816.css]
[solutionsfbia.com/wp-content/plugins/elementor/assets/css/frontend-legacy.min3ab2.css]
[solutionsfbia.com/wp-content/plugins/elementor/assets/css/frontend.min3ab2.css]
[solutionsfbia.com/wp-content/uploads/elementor/css/post-4169a3a1.css]
[solutions-sb.com/staging/2752/wp-content/uploads/2021/06/Screenshot-2021-06-02-160642-scaled.jpg]
[solutions-sb.com/staging/2752/wp-content/uploads/2021/06/46.png]
[solutions-sb.com/staging/2752/wp-content/uploads/2021/06/49.png]
[solutions-sb.com/staging/2752/wp-content/uploads/2021/06/50.png]
[solutions-sb.com/wp-content/uploads/2021/07/33-3.png]
[solutions-sb.com/staging/2752/wp-content/uploads/2021/06/7-1.jpg]
[solutions-sb.com/staging/2752/wp-content/uploads/2021/06/9.png]
[solutions-sb.com/staging/2752/wp-content/uploads/2021/06/solutions-sb-8-1.jpg]
[solutions-sb.com/staging/2752/wp-content/uploads/2021/06/footer-bg.png]
[solutionsfbia.com/wp-content/uploads/elementor/css/post-4168dfa0.css]
[solutionsfbia.com/wp-content/plugins/elementor/assets/lib/font-awesome/css/fontawesome.min52d5.css]
[solutionsfbia.com/wp-content/plugins/elementor/assets/lib/font-awesome/webfonts/fa-solid-900.eot]
[solutionsfbia.com/wp-content/plugins/elementor/assets/lib/font-awesome/webfonts/fa-solid-900.woff2]
[solutionsfbia.com/wp-content/plugins/elementor/assets/lib/font-awesome/webfonts/fa-solid-900d41d.eot]
[solutionsfbia.com/wp-content/plugins/elementor/assets/lib/font-awesome/webfonts/fa-solid-900.woff]
[solutionsfbia.com/wp-content/plugins/elementor/assets/lib/font-awesome/webfonts/fa-solid-900.ttf]
[solutionsfbia.com/wp-content/plugins/elementor/assets/lib/font-awesome/css/solid.min52d5.css]
[solutionsfbia.com/wp-content/plugins/elementor/assets/lib/font-awesome/webfonts/fa-regular-400.eot]
[solutionsfbia.com/wp-content/plugins/elementor/assets/lib/font-awesome/webfonts/fa-regular-400d41d.eot]
[solutionsfbia.com/wp-content/plugins/elementor/assets/lib/font-awesome/webfonts/fa-regular-400.woff2]
[solutionsfbia.com/wp-content/plugins/elementor/assets/lib/font-awesome/webfonts/fa-regular-400.woff]
[solutionsfbia.com/wp-content/plugins/elementor/assets/lib/font-awesome/webfonts/fa-regular-400.ttf]
[solutionsfbia.com/wp-content/plugins/elementor/assets/lib/font-awesome/css/regular.min52d5.css]
[solutionsfbia.com/wp-content/themes/thegem-elementor/fonts/material/materialdesignicons.eot]
[solutionsfbia.com/wp-content/themes/thegem-elementor/fonts/material/materialdesignicons.woff]
[solutionsfbia.com/wp-content/themes/thegem-elementor/fonts/material/materialdesigniconsd41d.eot]
[solutionsfbia.com/wp-content/themes/thegem-elementor/fonts/material/materialdesignicons.ttf]
[solutionsfbia.com/wp-content/themes/thegem-elementor/css/icons-material8a54.css]
[solutionsfbia.com/wp-content/plugins/elementor/assets/lib/font-awesome/webfonts/fa-brands-400.eot]
[solutionsfbia.com/wp-content/plugins/elementor/assets/lib/font-awesome/webfonts/fa-brands-400.woff2]
[solutionsfbia.com/wp-content/plugins/elementor/assets/lib/font-awesome/webfonts/fa-brands-400d41d.eot]
[solutionsfbia.com/wp-content/plugins/elementor/assets/lib/font-awesome/webfonts/fa-brands-400.woff]
[solutionsfbia.com/wp-content/plugins/elementor/assets/lib/font-awesome/webfonts/fa-brands-400.ttf]
[solutionsfbia.com/wp-content/plugins/elementor/assets/lib/font-awesome/css/brands.min52d5.css]
[solutionsfbia.com/wp-content/themes/thegem-elementor/fonts/elegant/ElegantIcons.eot]
[solutionsfbia.com/wp-content/themes/thegem-elementor/fonts/elegant/ElegantIcons.woff]
[solutionsfbia.com/wp-content/themes/thegem-elementor/fonts/elegant/ElegantIconsd41d.eot]
[solutionsfbia.com/wp-content/themes/thegem-elementor/fonts/elegant/ElegantIcons.ttf]
[solutionsfbia.com/wp-content/themes/thegem-elementor/css/icons-elegant8a54.css]
[solutionsfbia.com/wp-content/plugins/jetpack/modules/shortcodes/img/slideshow-controls.png]
[solutionsfbia.com/wp-content/plugins/jetpack/modules/shortcodes/img/slideshow-controls-2x.png]
[solutionsfbia.com/wp-content/plugins/jetpack/modules/shortcodes/images/slide-nav.png]
[solutionsfbia.com/wp-content/plugins/jetpack/modules/shortcodes/images/expand.png]
[solutionsfbia.com/wp-content/plugins/jetpack/modules/shortcodes/images/collapse.png]
[secure.gravatar.com/images/grav-share-sprite.png]
[solutionsfbia.com/wp-content/plugins/jetpack/css/jetpack1021.css]
[solutionsfbia.com/wp-includes/wlwmanifest.html]
[solutionsfbia.com/wp-content/themes/thegem-elementor/css/thegem-lazy-loading-animationsc225.css]
[solutionsfbia.com/wp-content/themes/thegem-elementor/css/thegem-buttonc225.css]
[solutionsfbia.com/wp-content/plugins/thegem-elements-elementor/inc/elementor/widgets/textbox/assets/css/thegem-styled-textbox.css]
[solutionsfbia.com/wp-content/plugins/thegem-elements-elementor/inc/elementor/widgets/icon/assets/css/thegem-icon.css]
[solutionsfbia.com/wp-content/plugins/thegem-elements-elementor/inc/elementor/widgets/quickfinders/assets/css/thegem-quickfinder.css]
[solutionsfbia.com/wp-content/plugins/thegem-elements-elementor/inc/elementor/widgets/quickfinders/assets/css/thegem-quickfinder-vertical.css]
[solutionsfbia.com/wp-content/plugins/thegem-elements-elementor/inc/elementor/widgets/clients/assets/css/thegem-clients.css]
[solutionsfbia.com/wp-content/plugins/thegem-elements-elementor/inc/elementor/widgets/contact-form-7/assets/css/thegem-cf7.css]
[solutionsfbia.com/wp-content/themes/thegem-elementor/fonts/thegem-icons.svg]
[solutionsfbia.com/wp-content/themes/thegem-elementor/fonts/thegem-socials.svg]
[solutionsfbia.com/wp-content/themes/thegem-elementor/css/grayscale.svg]
[solutionsfbia.com/wp-content/themes/thegem-elementor/css/rounded.svg]
[solutionsfbia.com/wp-content/themes/images/mouse_icon.html]
[solutionsfbia.com/wp-content/themes/thegem-elementor/fonts/montserrat-ultralight.svg]
[solutionsfbia.com/wp-includes/js/mediaelement/mejs-controls.svg]
[solutionsfbia.com/wp-content/plugins/elementor/assets/lib/eicons/fonts/eicons5519.svg]
[solutionsfbia.com/wp-content/plugins/elementor/assets/lib/font-awesome/webfonts/fa-solid-900.svg]
[solutionsfbia.com/wp-content/plugins/elementor/assets/lib/font-awesome/webfonts/fa-regular-400.svg]
[solutionsfbia.com/wp-content/themes/thegem-elementor/fonts/material/materialdesignicons.svg]
[solutionsfbia.com/wp-content/themes/thegem-elementor/css/icons-material-logo.svg]
[solutionsfbia.com/wp-content/plugins/elementor/assets/lib/font-awesome/webfonts/fa-brands-400.svg]
[solutionsfbia.com/wp-content/themes/thegem-elementor/fonts/elegant/ElegantIcons.svg]
[solutionsfbia.com/wp-content/themes/thegem-elementor/css/icons-elegant-logo.svg]
